Archive member included to satisfy reference by file (symbol)

c:/program files (x86)/atmel/studio/7.0/toolchain/avr8/avr8-gnu-toolchain/bin/../lib/gcc/avr/5.4.0/avr5\libgcc.a(_exit.o)
                              C:/Program Files (x86)/Atmel/Studio/7.0/Packs/atmel/ATmega_DFP/1.2.209/gcc/dev/atmega328p/avr5/crtatmega328p.o (exit)
c:/program files (x86)/atmel/studio/7.0/toolchain/avr8/avr8-gnu-toolchain/bin/../lib/gcc/avr/5.4.0/avr5\libgcc.a(_copy_data.o)
                              Driver/Adc.o (__do_copy_data)
c:/program files (x86)/atmel/studio/7.0/toolchain/avr8/avr8-gnu-toolchain/bin/../lib/gcc/avr/5.4.0/avr5\libgcc.a(_clear_bss.o)
                              Appl/Appl.o (__do_clear_bss)

Allocating common symbols
Common symbol       size              file

AD_Channel          0x1               Hal/Hal.o
ADC_Buffer          0xc               Driver/Adc.o
Adc_Step            0x1               Driver/Adc.o
Hal_Leds_Buffer     0x4               Hal/Hal.o
Display_Keys_Map    0x1               System/Display.o
AD_Sample           0xc               Hal/Hal.o
Hal_Analog_Inputs   0xc               Hal/Hal.o
AD_Mux_State        0x1               Hal/Hal.o
User_Action         0x1               Appl/Appl.o
AD_Counter          0x6               Hal/Hal.o
Hal_Keys_Buffer     0x1               Hal/Hal.o
Timer_Counter       0x1               Appl/Appl.o
Sampling_Time       0x1               Driver/Adc.o
Trigger             0x1               Appl/Appl.o
Toggle              0x1               Appl/Appl.o
Slot                0x1               Appl/main.o
Adc_Channel         0x1               Driver/Adc.o
Oven_Display_State  0x1               System/Display.o
AD_Accumulator      0xc               Hal/Hal.o

Discarded input sections

 .data          0x00000000        0x0 C:/Program Files (x86)/Atmel/Studio/7.0/Packs/atmel/ATmega_DFP/1.2.209/gcc/dev/atmega328p/avr5/crtatmega328p.o
 .bss           0x00000000        0x0 C:/Program Files (x86)/Atmel/Studio/7.0/Packs/atmel/ATmega_DFP/1.2.209/gcc/dev/atmega328p/avr5/crtatmega328p.o
 .text          0x00000000        0x0 Appl/Appl.o
 .data          0x00000000        0x0 Appl/Appl.o
 .bss           0x00000000        0x0 Appl/Appl.o
 .text          0x00000000        0x0 Appl/main.o
 .data          0x00000000        0x0 Appl/main.o
 .bss           0x00000000        0x0 Appl/main.o
 .text          0x00000000        0x0 Driver/Adc.o
 .data          0x00000000        0x0 Driver/Adc.o
 .bss           0x00000000        0x0 Driver/Adc.o
 .rodata.ADC_BIT_CLR_MASK
                0x00000000        0x6 Driver/Adc.o
 .text          0x00000000        0x0 Driver/Gpio.o
 .data          0x00000000        0x0 Driver/Gpio.o
 .bss           0x00000000        0x0 Driver/Gpio.o
 .text          0x00000000        0x0 Driver/SevenSeg.o
 .data          0x00000000        0x0 Driver/SevenSeg.o
 .bss           0x00000000        0x0 Driver/SevenSeg.o
 .rodata.SEGMENT_MAP_DIGIT
                0x00000000        0xa Driver/SevenSeg.o
 .text          0x00000000        0x0 Hal/Hal.o
 .data          0x00000000        0x0 Hal/Hal.o
 .bss           0x00000000        0x0 Hal/Hal.o
 .text          0x00000000        0x0 System/Display.o
 .data          0x00000000        0x0 System/Display.o
 .bss           0x00000000        0x0 System/Display.o
 .text          0x00000000        0x0 c:/program files (x86)/atmel/studio/7.0/toolchain/avr8/avr8-gnu-toolchain/bin/../lib/gcc/avr/5.4.0/avr5\libgcc.a(_exit.o)
 .data          0x00000000        0x0 c:/program files (x86)/atmel/studio/7.0/toolchain/avr8/avr8-gnu-toolchain/bin/../lib/gcc/avr/5.4.0/avr5\libgcc.a(_exit.o)
 .bss           0x00000000        0x0 c:/program files (x86)/atmel/studio/7.0/toolchain/avr8/avr8-gnu-toolchain/bin/../lib/gcc/avr/5.4.0/avr5\libgcc.a(_exit.o)
 .text.libgcc.mul
                0x00000000        0x0 c:/program files (x86)/atmel/studio/7.0/toolchain/avr8/avr8-gnu-toolchain/bin/../lib/gcc/avr/5.4.0/avr5\libgcc.a(_exit.o)
 .text.libgcc.div
                0x00000000        0x0 c:/program files (x86)/atmel/studio/7.0/toolchain/avr8/avr8-gnu-toolchain/bin/../lib/gcc/avr/5.4.0/avr5\libgcc.a(_exit.o)
 .text.libgcc   0x00000000        0x0 c:/program files (x86)/atmel/studio/7.0/toolchain/avr8/avr8-gnu-toolchain/bin/../lib/gcc/avr/5.4.0/avr5\libgcc.a(_exit.o)
 .text.libgcc.prologue
                0x00000000        0x0 c:/program files (x86)/atmel/studio/7.0/toolchain/avr8/avr8-gnu-toolchain/bin/../lib/gcc/avr/5.4.0/avr5\libgcc.a(_exit.o)
 .text.libgcc.builtins
                0x00000000        0x0 c:/program files (x86)/atmel/studio/7.0/toolchain/avr8/avr8-gnu-toolchain/bin/../lib/gcc/avr/5.4.0/avr5\libgcc.a(_exit.o)
 .text.libgcc.fmul
                0x00000000        0x0 c:/program files (x86)/atmel/studio/7.0/toolchain/avr8/avr8-gnu-toolchain/bin/../lib/gcc/avr/5.4.0/avr5\libgcc.a(_exit.o)
 .text.libgcc.fixed
                0x00000000        0x0 c:/program files (x86)/atmel/studio/7.0/toolchain/avr8/avr8-gnu-toolchain/bin/../lib/gcc/avr/5.4.0/avr5\libgcc.a(_exit.o)
 .text          0x00000000        0x0 c:/program files (x86)/atmel/studio/7.0/toolchain/avr8/avr8-gnu-toolchain/bin/../lib/gcc/avr/5.4.0/avr5\libgcc.a(_copy_data.o)
 .data          0x00000000        0x0 c:/program files (x86)/atmel/studio/7.0/toolchain/avr8/avr8-gnu-toolchain/bin/../lib/gcc/avr/5.4.0/avr5\libgcc.a(_copy_data.o)
 .bss           0x00000000        0x0 c:/program files (x86)/atmel/studio/7.0/toolchain/avr8/avr8-gnu-toolchain/bin/../lib/gcc/avr/5.4.0/avr5\libgcc.a(_copy_data.o)
 .text.libgcc.mul
                0x00000000        0x0 c:/program files (x86)/atmel/studio/7.0/toolchain/avr8/avr8-gnu-toolchain/bin/../lib/gcc/avr/5.4.0/avr5\libgcc.a(_copy_data.o)
 .text.libgcc.div
                0x00000000        0x0 c:/program files (x86)/atmel/studio/7.0/toolchain/avr8/avr8-gnu-toolchain/bin/../lib/gcc/avr/5.4.0/avr5\libgcc.a(_copy_data.o)
 .text.libgcc   0x00000000        0x0 c:/program files (x86)/atmel/studio/7.0/toolchain/avr8/avr8-gnu-toolchain/bin/../lib/gcc/avr/5.4.0/avr5\libgcc.a(_copy_data.o)
 .text.libgcc.prologue
                0x00000000        0x0 c:/program files (x86)/atmel/studio/7.0/toolchain/avr8/avr8-gnu-toolchain/bin/../lib/gcc/avr/5.4.0/avr5\libgcc.a(_copy_data.o)
 .text.libgcc.builtins
                0x00000000        0x0 c:/program files (x86)/atmel/studio/7.0/toolchain/avr8/avr8-gnu-toolchain/bin/../lib/gcc/avr/5.4.0/avr5\libgcc.a(_copy_data.o)
 .text.libgcc.fmul
                0x00000000        0x0 c:/program files (x86)/atmel/studio/7.0/toolchain/avr8/avr8-gnu-toolchain/bin/../lib/gcc/avr/5.4.0/avr5\libgcc.a(_copy_data.o)
 .text.libgcc.fixed
                0x00000000        0x0 c:/program files (x86)/atmel/studio/7.0/toolchain/avr8/avr8-gnu-toolchain/bin/../lib/gcc/avr/5.4.0/avr5\libgcc.a(_copy_data.o)
 .text          0x00000000        0x0 c:/program files (x86)/atmel/studio/7.0/toolchain/avr8/avr8-gnu-toolchain/bin/../lib/gcc/avr/5.4.0/avr5\libgcc.a(_clear_bss.o)
 .data          0x00000000        0x0 c:/program files (x86)/atmel/studio/7.0/toolchain/avr8/avr8-gnu-toolchain/bin/../lib/gcc/avr/5.4.0/avr5\libgcc.a(_clear_bss.o)
 .bss           0x00000000        0x0 c:/program files (x86)/atmel/studio/7.0/toolchain/avr8/avr8-gnu-toolchain/bin/../lib/gcc/avr/5.4.0/avr5\libgcc.a(_clear_bss.o)
 .text.libgcc.mul
                0x00000000        0x0 c:/program files (x86)/atmel/studio/7.0/toolchain/avr8/avr8-gnu-toolchain/bin/../lib/gcc/avr/5.4.0/avr5\libgcc.a(_clear_bss.o)
 .text.libgcc.div
                0x00000000        0x0 c:/program files (x86)/atmel/studio/7.0/toolchain/avr8/avr8-gnu-toolchain/bin/../lib/gcc/avr/5.4.0/avr5\libgcc.a(_clear_bss.o)
 .text.libgcc   0x00000000        0x0 c:/program files (x86)/atmel/studio/7.0/toolchain/avr8/avr8-gnu-toolchain/bin/../lib/gcc/avr/5.4.0/avr5\libgcc.a(_clear_bss.o)
 .text.libgcc.prologue
                0x00000000        0x0 c:/program files (x86)/atmel/studio/7.0/toolchain/avr8/avr8-gnu-toolchain/bin/../lib/gcc/avr/5.4.0/avr5\libgcc.a(_clear_bss.o)
 .text.libgcc.builtins
                0x00000000        0x0 c:/program files (x86)/atmel/studio/7.0/toolchain/avr8/avr8-gnu-toolchain/bin/../lib/gcc/avr/5.4.0/avr5\libgcc.a(_clear_bss.o)
 .text.libgcc.fmul
                0x00000000        0x0 c:/program files (x86)/atmel/studio/7.0/toolchain/avr8/avr8-gnu-toolchain/bin/../lib/gcc/avr/5.4.0/avr5\libgcc.a(_clear_bss.o)
 .text.libgcc.fixed
                0x00000000        0x0 c:/program files (x86)/atmel/studio/7.0/toolchain/avr8/avr8-gnu-toolchain/bin/../lib/gcc/avr/5.4.0/avr5\libgcc.a(_clear_bss.o)

Memory Configuration

Name             Origin             Length             Attributes
text             0x00000000         0x00020000         xr
data             0x00800060         0x0000ffa0         rw !x
eeprom           0x00810000         0x00010000         rw !x
fuse             0x00820000         0x00000003         rw !x
lock             0x00830000         0x00000400         rw !x
signature        0x00840000         0x00000400         rw !x
user_signatures  0x00850000         0x00000400         rw !x
*default*        0x00000000         0xffffffff

Linker script and memory map

Address of section .data set to 0x800100
LOAD C:/Program Files (x86)/Atmel/Studio/7.0/Packs/atmel/ATmega_DFP/1.2.209/gcc/dev/atmega328p/avr5/crtatmega328p.o
LOAD Appl/Appl.o
LOAD Appl/main.o
LOAD Driver/Adc.o
LOAD Driver/Gpio.o
LOAD Driver/SevenSeg.o
LOAD Hal/Hal.o
LOAD System/Display.o
START GROUP
LOAD c:/program files (x86)/atmel/studio/7.0/toolchain/avr8/avr8-gnu-toolchain/bin/../lib/gcc/avr/5.4.0/../../../../avr/lib/avr5\libm.a
END GROUP
START GROUP
LOAD c:/program files (x86)/atmel/studio/7.0/toolchain/avr8/avr8-gnu-toolchain/bin/../lib/gcc/avr/5.4.0/avr5\libgcc.a
LOAD c:/program files (x86)/atmel/studio/7.0/toolchain/avr8/avr8-gnu-toolchain/bin/../lib/gcc/avr/5.4.0/../../../../avr/lib/avr5\libm.a
LOAD c:/program files (x86)/atmel/studio/7.0/toolchain/avr8/avr8-gnu-toolchain/bin/../lib/gcc/avr/5.4.0/../../../../avr/lib/avr5\libc.a
LOAD C:/Program Files (x86)/Atmel/Studio/7.0/Packs/atmel/ATmega_DFP/1.2.209/gcc/dev/atmega328p/avr5\libatmega328p.a
END GROUP
                0x00020000                __TEXT_REGION_LENGTH__ = DEFINED (__TEXT_REGION_LENGTH__)?__TEXT_REGION_LENGTH__:0x20000
                0x0000ffa0                __DATA_REGION_LENGTH__ = DEFINED (__DATA_REGION_LENGTH__)?__DATA_REGION_LENGTH__:0xffa0
                0x00010000                __EEPROM_REGION_LENGTH__ = DEFINED (__EEPROM_REGION_LENGTH__)?__EEPROM_REGION_LENGTH__:0x10000
                [0x00000003]                __FUSE_REGION_LENGTH__ = DEFINED (__FUSE_REGION_LENGTH__)?__FUSE_REGION_LENGTH__:0x400
                0x00000400                __LOCK_REGION_LENGTH__ = DEFINED (__LOCK_REGION_LENGTH__)?__LOCK_REGION_LENGTH__:0x400
                0x00000400                __SIGNATURE_REGION_LENGTH__ = DEFINED (__SIGNATURE_REGION_LENGTH__)?__SIGNATURE_REGION_LENGTH__:0x400
                0x00000400                __USER_SIGNATURE_REGION_LENGTH__ = DEFINED (__USER_SIGNATURE_REGION_LENGTH__)?__USER_SIGNATURE_REGION_LENGTH__:0x400

.hash
 *(.hash)

.dynsym
 *(.dynsym)

.dynstr
 *(.dynstr)

.gnu.version
 *(.gnu.version)

.gnu.version_d
 *(.gnu.version_d)

.gnu.version_r
 *(.gnu.version_r)

.rel.init
 *(.rel.init)

.rela.init
 *(.rela.init)

.rel.text
 *(.rel.text)
 *(.rel.text.*)
 *(.rel.gnu.linkonce.t*)

.rela.text
 *(.rela.text)
 *(.rela.text.*)
 *(.rela.gnu.linkonce.t*)

.rel.fini
 *(.rel.fini)

.rela.fini
 *(.rela.fini)

.rel.rodata
 *(.rel.rodata)
 *(.rel.rodata.*)
 *(.rel.gnu.linkonce.r*)

.rela.rodata
 *(.rela.rodata)
 *(.rela.rodata.*)
 *(.rela.gnu.linkonce.r*)

.rel.data
 *(.rel.data)
 *(.rel.data.*)
 *(.rel.gnu.linkonce.d*)

.rela.data
 *(.rela.data)
 *(.rela.data.*)
 *(.rela.gnu.linkonce.d*)

.rel.ctors
 *(.rel.ctors)

.rela.ctors
 *(.rela.ctors)

.rel.dtors
 *(.rel.dtors)

.rela.dtors
 *(.rela.dtors)

.rel.got
 *(.rel.got)

.rela.got
 *(.rela.got)

.rel.bss
 *(.rel.bss)

.rela.bss
 *(.rela.bss)

.rel.plt
 *(.rel.plt)

.rela.plt
 *(.rela.plt)

.text           0x00000000      0x946
 *(.vectors)
 .vectors       0x00000000       0x68 C:/Program Files (x86)/Atmel/Studio/7.0/Packs/atmel/ATmega_DFP/1.2.209/gcc/dev/atmega328p/avr5/crtatmega328p.o
                0x00000000                __vector_default
                0x00000000                __vectors
 *(.vectors)
 *(.progmem.gcc*)
                0x00000068                . = ALIGN (0x2)
                0x00000068                __trampolines_start = .
 *(.trampolines)
 .trampolines   0x00000068        0x0 linker stubs
 *(.trampolines*)
                0x00000068                __trampolines_end = .
 *libprintf_flt.a:*(.progmem.data)
 *libc.a:*(.progmem.data)
 *(.progmem*)
                0x00000068                . = ALIGN (0x2)
 *(.jumptables)
 *(.jumptables*)
 *(.lowtext)
 *(.lowtext*)
                0x00000068                __ctors_start = .
 *(.ctors)
                0x00000068                __ctors_end = .
                0x00000068                __dtors_start = .
 *(.dtors)
                0x00000068                __dtors_end = .
 SORT(*)(.ctors)
 SORT(*)(.dtors)
 *(.init0)
 .init0         0x00000068        0x0 C:/Program Files (x86)/Atmel/Studio/7.0/Packs/atmel/ATmega_DFP/1.2.209/gcc/dev/atmega328p/avr5/crtatmega328p.o
                0x00000068                __init
 *(.init0)
 *(.init1)
 *(.init1)
 *(.init2)
 .init2         0x00000068        0xc C:/Program Files (x86)/Atmel/Studio/7.0/Packs/atmel/ATmega_DFP/1.2.209/gcc/dev/atmega328p/avr5/crtatmega328p.o
 *(.init2)
 *(.init3)
 *(.init3)
 *(.init4)
 .init4         0x00000074       0x16 c:/program files (x86)/atmel/studio/7.0/toolchain/avr8/avr8-gnu-toolchain/bin/../lib/gcc/avr/5.4.0/avr5\libgcc.a(_copy_data.o)
                0x00000074                __do_copy_data
 .init4         0x0000008a       0x10 c:/program files (x86)/atmel/studio/7.0/toolchain/avr8/avr8-gnu-toolchain/bin/../lib/gcc/avr/5.4.0/avr5\libgcc.a(_clear_bss.o)
                0x0000008a                __do_clear_bss
 *(.init4)
 *(.init5)
 *(.init5)
 *(.init6)
 *(.init6)
 *(.init7)
 *(.init7)
 *(.init8)
 *(.init8)
 *(.init9)
 .init9         0x0000009a        0x8 C:/Program Files (x86)/Atmel/Studio/7.0/Packs/atmel/ATmega_DFP/1.2.209/gcc/dev/atmega328p/avr5/crtatmega328p.o
 *(.init9)
 *(.text)
 .text          0x000000a2        0x4 C:/Program Files (x86)/Atmel/Studio/7.0/Packs/atmel/ATmega_DFP/1.2.209/gcc/dev/atmega328p/avr5/crtatmega328p.o
                0x000000a2                __vector_22
                0x000000a2                __vector_1
                0x000000a2                __vector_24
                0x000000a2                __vector_12
                0x000000a2                __bad_interrupt
                0x000000a2                __vector_6
                0x000000a2                __vector_3
                0x000000a2                __vector_23
                0x000000a2                __vector_25
                0x000000a2                __vector_11
                0x000000a2                __vector_13
                0x000000a2                __vector_17
                0x000000a2                __vector_19
                0x000000a2                __vector_7
                0x000000a2                __vector_5
                0x000000a2                __vector_4
                0x000000a2                __vector_9
                0x000000a2                __vector_2
                0x000000a2                __vector_21
                0x000000a2                __vector_15
                0x000000a2                __vector_8
                0x000000a2                __vector_14
                0x000000a2                __vector_10
                0x000000a2                __vector_16
                0x000000a2                __vector_18
                0x000000a2                __vector_20
                0x000000a6                . = ALIGN (0x2)
 *(.text.*)
 .text.Appl__Initialize
                0x000000a6        0x8 Appl/Appl.o
                0x000000a6                Appl__Initialize
 .text.Appl__Handler
                0x000000ae       0x40 Appl/Appl.o
                0x000000ae                Appl__Handler
 .text.main     0x000000ee       0x64 Appl/main.o
                0x000000ee                main
 .text.ADC__Initialize
                0x00000152       0x52 Driver/Adc.o
                0x00000152                ADC__Initialize
 .text.ADC__Handler
                0x000001a4       0xd8 Driver/Adc.o
                0x000001a4                ADC__Handler
 .text.ADC__ConfigModes
                0x0000027c       0x52 Driver/Adc.o
                0x0000027c                ADC__ConfigModes
 .text.ADC__GetValue
                0x000002ce       0x1c Driver/Adc.o
                0x000002ce                ADC__GetValue
 .text.Gpio__PinConfig
                0x000002ea       0x6c Driver/Gpio.o
                0x000002ea                Gpio__PinConfig
 .text.Gpio__PinWrite
                0x00000356       0x54 Driver/Gpio.o
                0x00000356                Gpio__PinWrite
 .text.Gpio__PinRead
                0x000003aa       0x28 Driver/Gpio.o
                0x000003aa                Gpio__PinRead
 .text.SevenSeg_WriteValueToSegment
                0x000003d2       0x62 Driver/SevenSeg.o
                0x000003d2                SevenSeg_WriteValueToSegment
 .text.Hal__SetLed
                0x00000434       0x1c Hal/Hal.o
                0x00000434                Hal__SetLed
 .text.Hal__SetAllLeds
                0x00000450       0x1e Hal/Hal.o
                0x00000450                Hal__SetAllLeds
 .text.Hal__Initialize
                0x0000046e       0x9a Hal/Hal.o
                0x0000046e                Hal__Initialize
 .text.Hal__ReadKey
                0x00000508       0x26 Hal/Hal.o
                0x00000508                Hal__ReadKey
 .text.Hal__WriteValtoSegment
                0x0000052e        0x6 Hal/Hal.o
                0x0000052e                Hal__WriteValtoSegment
 .text.Hal_GetAnalogInput
                0x00000534       0x18 Hal/Hal.o
                0x00000534                Hal_GetAnalogInput
 .text.LEDsUpdate
                0x0000054c       0x7c Hal/Hal.o
                0x0000054c                LEDsUpdate
 .text.KeysRead
                0x000005c8       0xae Hal/Hal.o
                0x000005c8                KeysRead
 .text.Hal__FastHandler
                0x00000676        0xa Hal/Hal.o
                0x00000676                Hal__FastHandler
 .text.ADProcess
                0x00000680       0xe8 Hal/Hal.o
                0x00000680                ADProcess
 .text.Hal__BackgroundHandler
                0x00000768        0x6 Hal/Hal.o
                0x00000768                Hal__BackgroundHandler
 .text.Display__Initialize
                0x0000076e        0xc System/Display.o
                0x0000076e                Display__Initialize
 .text.Display__SetState
                0x0000077a        0xa System/Display.o
                0x0000077a                Display__SetState
 .text.UpdateDisplayLeds
                0x00000784      0x16c System/Display.o
                0x00000784                UpdateDisplayLeds
 .text.ReadDisplayKeys
                0x000008f0       0x3e System/Display.o
                0x000008f0                ReadDisplayKeys
 .text.Display__Handler
                0x0000092e        0xa System/Display.o
                0x0000092e                Display__Handler
 .text.Display__GetEvent
                0x00000938        0xa System/Display.o
                0x00000938                Display__GetEvent
                0x00000942                . = ALIGN (0x2)
 *(.fini9)
 .fini9         0x00000942        0x0 c:/program files (x86)/atmel/studio/7.0/toolchain/avr8/avr8-gnu-toolchain/bin/../lib/gcc/avr/5.4.0/avr5\libgcc.a(_exit.o)
                0x00000942                _exit
                0x00000942                exit
 *(.fini9)
 *(.fini8)
 *(.fini8)
 *(.fini7)
 *(.fini7)
 *(.fini6)
 *(.fini6)
 *(.fini5)
 *(.fini5)
 *(.fini4)
 *(.fini4)
 *(.fini3)
 *(.fini3)
 *(.fini2)
 *(.fini2)
 *(.fini1)
 *(.fini1)
 *(.fini0)
 .fini0         0x00000942        0x4 c:/program files (x86)/atmel/studio/7.0/toolchain/avr8/avr8-gnu-toolchain/bin/../lib/gcc/avr/5.4.0/avr5\libgcc.a(_exit.o)
 *(.fini0)
                0x00000946                _etext = .

.data           0x00800100       0x5a load address 0x00000946
                0x00800100                PROVIDE (__data_start, .)
 *(.data)
 *(.data*)
 .data.GPIO_DATA_LIST
                0x00800100        0x6 Driver/Gpio.o
                0x00800100                GPIO_DATA_LIST
 .data.KEYS_GPIO
                0x00800106        0x8 Hal/Hal.o
                0x00800106                KEYS_GPIO
 .data.LED_GPIO
                0x0080010e        0x8 Hal/Hal.o
                0x0080010e                LED_GPIO
 .data.MAXIMO_DIGITO
                0x00800116        0x4 System/Display.o
                0x00800116                MAXIMO_DIGITO
 .data.MEDIO_DIGITO
                0x0080011a        0x4 System/Display.o
                0x0080011a                MEDIO_DIGITO
 .data.MINIMO_DIGITO
                0x0080011e        0x4 System/Display.o
                0x0080011e                MINIMO_DIGITO
 .data.ZERADO_DIGITO
                0x00800122        0x4 System/Display.o
                0x00800122                ZERADO_DIGITO
 *(.gnu.linkonce.d*)
 *(.rodata)
 *(.rodata*)
 .rodata.ADC_BIT_SET_MASK
                0x00800126        0x6 Driver/Adc.o
                0x00800126                ADC_BIT_SET_MASK
 .rodata.Adc_Enable_Table
                0x0080012c        0x6 Driver/Adc.o
                0x0080012c                Adc_Enable_Table
 .rodata.GPIO_PIN_CLR_MASK
                0x00800132        0x8 Driver/Gpio.o
                0x00800132                GPIO_PIN_CLR_MASK
 .rodata.GPIO_PIN_SET_MASK
                0x0080013a        0x8 Driver/Gpio.o
                0x0080013a                GPIO_PIN_SET_MASK
 .rodata.SEGMENT_SELECT
                0x00800142        0x4 Driver/SevenSeg.o
                0x00800142                SEGMENT_SELECT
 .rodata.AD_Channel_Table
                0x00800146        0x6 Hal/Hal.o
                0x00800146                AD_Channel_Table
 .rodata.AD_Enable_Table
                0x0080014c        0x6 Hal/Hal.o
                0x0080014c                AD_Enable_Table
 .rodata.Keys_Enable_Table
                0x00800152        0x4 Hal/Hal.o
                0x00800152                Keys_Enable_Table
 .rodata.Leds_Enable_Table
                0x00800156        0x4 Hal/Hal.o
                0x00800156                Leds_Enable_Table
 *(.gnu.linkonce.r*)
                0x0080015a                . = ALIGN (0x2)
                0x0080015a                _edata = .
                0x0080015a                PROVIDE (__data_end, .)

.bss            0x0080015a       0x47
                0x0080015a                PROVIDE (__bss_start, .)
 *(.bss)
 *(.bss*)
 *(COMMON)
 COMMON         0x0080015a        0x4 Appl/Appl.o
                0x0080015a                User_Action
                0x0080015b                Timer_Counter
                0x0080015c                Trigger
                0x0080015d                Toggle
 COMMON         0x0080015e        0x1 Appl/main.o
                0x0080015e                Slot
 COMMON         0x0080015f        0xf Driver/Adc.o
                0x0080015f                ADC_Buffer
                0x0080016b                Adc_Step
                0x0080016c                Sampling_Time
                0x0080016d                Adc_Channel
 COMMON         0x0080016e       0x31 Hal/Hal.o
                0x0080016e                AD_Channel
                0x0080016f                Hal_Leds_Buffer
                0x00800173                AD_Sample
                0x0080017f                Hal_Analog_Inputs
                0x0080018b                AD_Mux_State
                0x0080018c                AD_Counter
                0x00800192                Hal_Keys_Buffer
                0x00800193                AD_Accumulator
 COMMON         0x0080019f        0x2 System/Display.o
                0x0080019f                Display_Keys_Map
                0x008001a0                Oven_Display_State
                0x008001a1                PROVIDE (__bss_end, .)
                0x00000946                __data_load_start = LOADADDR (.data)
                0x000009a0                __data_load_end = (__data_load_start + SIZEOF (.data))

.noinit         0x008001a1        0x0
                [!provide]                PROVIDE (__noinit_start, .)
 *(.noinit*)
                [!provide]                PROVIDE (__noinit_end, .)
                0x008001a1                _end = .
                [!provide]                PROVIDE (__heap_start, .)

.eeprom         0x00810000        0x0
 *(.eeprom*)
                0x00810000                __eeprom_end = .

.fuse
 *(.fuse)
 *(.lfuse)
 *(.hfuse)
 *(.efuse)

.lock
 *(.lock*)

.signature
 *(.signature*)

.user_signatures
 *(.user_signatures*)

.stab
 *(.stab)

.stabstr
 *(.stabstr)

.stab.excl
 *(.stab.excl)

.stab.exclstr
 *(.stab.exclstr)

.stab.index
 *(.stab.index)

.stab.indexstr
 *(.stab.indexstr)

.comment        0x00000000       0x30
 *(.comment)
 .comment       0x00000000       0x30 Appl/Appl.o
                                 0x31 (size before relaxing)
 .comment       0x00000030       0x31 Appl/main.o
 .comment       0x00000030       0x31 Driver/Adc.o
 .comment       0x00000030       0x31 Driver/Gpio.o
 .comment       0x00000030       0x31 Driver/SevenSeg.o
 .comment       0x00000030       0x31 Hal/Hal.o
 .comment       0x00000030       0x31 System/Display.o

.note.gnu.avr.deviceinfo
                0x00000000       0x40
 .note.gnu.avr.deviceinfo
                0x00000000       0x40 C:/Program Files (x86)/Atmel/Studio/7.0/Packs/atmel/ATmega_DFP/1.2.209/gcc/dev/atmega328p/avr5/crtatmega328p.o

.note.gnu.build-id
 *(.note.gnu.build-id)

.debug
 *(.debug)

.line
 *(.line)

.debug_srcinfo
 *(.debug_srcinfo)

.debug_sfnames
 *(.debug_sfnames)

.debug_aranges  0x00000000      0x188
 *(.debug_aranges)
 .debug_aranges
                0x00000000       0x28 Appl/Appl.o
 .debug_aranges
                0x00000028       0x20 Appl/main.o
 .debug_aranges
                0x00000048       0x38 Driver/Adc.o
 .debug_aranges
                0x00000080       0x30 Driver/Gpio.o
 .debug_aranges
                0x000000b0       0x20 Driver/SevenSeg.o
 .debug_aranges
                0x000000d0       0x70 Hal/Hal.o
 .debug_aranges
                0x00000140       0x48 System/Display.o

.debug_pubnames
 *(.debug_pubnames)

.debug_info     0x00000000     0x2130
 *(.debug_info .gnu.linkonce.wi.*)
 .debug_info    0x00000000      0x5f4 C:/Program Files (x86)/Atmel/Studio/7.0/Packs/atmel/ATmega_DFP/1.2.209/gcc/dev/atmega328p/avr5/crtatmega328p.o
 .debug_info    0x000005f4      0x19c Appl/Appl.o
 .debug_info    0x00000790      0x1ec Appl/main.o
 .debug_info    0x0000097c      0x4e9 Driver/Adc.o
 .debug_info    0x00000e65      0x356 Driver/Gpio.o
 .debug_info    0x000011bb      0x142 Driver/SevenSeg.o
 .debug_info    0x000012fd      0x6f3 Hal/Hal.o
 .debug_info    0x000019f0      0x740 System/Display.o

.debug_abbrev   0x00000000      0xdb6
 *(.debug_abbrev)
 .debug_abbrev  0x00000000      0x5a2 C:/Program Files (x86)/Atmel/Studio/7.0/Packs/atmel/ATmega_DFP/1.2.209/gcc/dev/atmega328p/avr5/crtatmega328p.o
 .debug_abbrev  0x000005a2       0xbf Appl/Appl.o
 .debug_abbrev  0x00000661       0xbf Appl/main.o
 .debug_abbrev  0x00000720      0x16f Driver/Adc.o
 .debug_abbrev  0x0000088f      0x164 Driver/Gpio.o
 .debug_abbrev  0x000009f3       0xc7 Driver/SevenSeg.o
 .debug_abbrev  0x00000aba      0x1b2 Hal/Hal.o
 .debug_abbrev  0x00000c6c      0x14a System/Display.o

.debug_line     0x00000000      0xda6
 *(.debug_line .debug_line.* .debug_line_end)
 .debug_line    0x00000000      0x133 C:/Program Files (x86)/Atmel/Studio/7.0/Packs/atmel/ATmega_DFP/1.2.209/gcc/dev/atmega328p/avr5/crtatmega328p.o
 .debug_line    0x00000133       0xeb Appl/Appl.o
 .debug_line    0x0000021e      0x108 Appl/main.o
 .debug_line    0x00000326      0x21d Driver/Adc.o
 .debug_line    0x00000543      0x1b8 Driver/Gpio.o
 .debug_line    0x000006fb      0x110 Driver/SevenSeg.o
 .debug_line    0x0000080b      0x38b Hal/Hal.o
 .debug_line    0x00000b96      0x210 System/Display.o

.debug_frame    0x00000000      0x2e4
 *(.debug_frame)
 .debug_frame   0x00000000       0x34 Appl/Appl.o
 .debug_frame   0x00000034       0x24 Appl/main.o
 .debug_frame   0x00000058       0x60 Driver/Adc.o
 .debug_frame   0x000000b8       0x44 Driver/Gpio.o
 .debug_frame   0x000000fc       0x24 Driver/SevenSeg.o
 .debug_frame   0x00000120      0x150 Hal/Hal.o
 .debug_frame   0x00000270       0x74 System/Display.o

.debug_str      0x00000000      0xd21
 *(.debug_str)
 .debug_str     0x00000000      0x208 C:/Program Files (x86)/Atmel/Studio/7.0/Packs/atmel/ATmega_DFP/1.2.209/gcc/dev/atmega328p/avr5/crtatmega328p.o
 .debug_str     0x00000208      0x236 Appl/Appl.o
 .debug_str     0x0000043e       0xc6 Appl/main.o
                                0x1f8 (size before relaxing)
 .debug_str     0x00000504      0x315 Driver/Adc.o
                                0x46e (size before relaxing)
 .debug_str     0x00000819      0x142 Driver/Gpio.o
                                0x2ea (size before relaxing)
 .debug_str     0x0000095b       0x53 Driver/SevenSeg.o
                                0x1d2 (size before relaxing)
 .debug_str     0x000009ae      0x2aa Hal/Hal.o
                                0x5e5 (size before relaxing)
 .debug_str     0x00000c58       0xc9 System/Display.o
                                0x3f4 (size before relaxing)

.debug_loc      0x00000000      0x8f6
 *(.debug_loc)
 .debug_loc     0x00000000      0x114 Driver/Adc.o
 .debug_loc     0x00000114      0x130 Driver/Gpio.o
 .debug_loc     0x00000244       0x97 Driver/SevenSeg.o
 .debug_loc     0x000002db      0x3bf Hal/Hal.o
 .debug_loc     0x0000069a      0x25c System/Display.o

.debug_macinfo
 *(.debug_macinfo)

.debug_weaknames
 *(.debug_weaknames)

.debug_funcnames
 *(.debug_funcnames)

.debug_typenames
 *(.debug_typenames)

.debug_varnames
 *(.debug_varnames)

.debug_pubtypes
 *(.debug_pubtypes)

.debug_ranges   0x00000000      0x118
 *(.debug_ranges)
 .debug_ranges  0x00000000       0x18 Appl/Appl.o
 .debug_ranges  0x00000018       0x10 Appl/main.o
 .debug_ranges  0x00000028       0x28 Driver/Adc.o
 .debug_ranges  0x00000050       0x20 Driver/Gpio.o
 .debug_ranges  0x00000070       0x10 Driver/SevenSeg.o
 .debug_ranges  0x00000080       0x60 Hal/Hal.o
 .debug_ranges  0x000000e0       0x38 System/Display.o

.debug_macro
 *(.debug_macro)
OUTPUT(LAB2_ADC.elf elf32-avr)
LOAD linker stubs
